# First boot serial log, captured after pulsing reset over RTS
# Date: 2026-09-14T17:06:01-04:00
# NOTE: WiFi SSID and router BSSID redacted for publication.

$ esphome logs smart-atx.yaml --device /dev/ttyUSB0

ets Jun  8 2016 00:22:57

rst:0x1 (POWERON_RESET),boot:0x13 (SPI_FAST_FLASH_BOOT)
configsip: 0, SPIWP:0xee
clk_drv:0x00,q_drv:0x00,d_drv:0x00,cs0_drv:0x00,hd_drv:0x00,wp_drv:0x00
mode:DIO, clock div:2
load:0x3fff0030,len:6248
load:0x40078000,len:15904
load:0x40080400,len:3896
entry 0x40080640
I (27) boot: ESP-IDF v5.5.5 2nd stage bootloader
I (27) boot: Multicore bootloader
I (27) boot: chip revision: v1.0
I (27) boot.esp32: SPI Speed      : 40MHz
I (31) boot.esp32: SPI Mode       : DIO
I (34) boot.esp32: SPI Flash Size : 4MB
I (38) boot: Enabling RNG early entropy source...
I (42) boot: Partition Table:
I (45) boot: ## Label            Usage          Type ST Offset   Length
I (51) boot:  0 otadata          OTA data         01 00 00009000 00002000
I (58) boot:  1 phy_init         RF data          01 01 0000b000 00001000
I (64) boot:  2 app0             OTA app          00 10 00010000 001c0000
I (71) boot:  3 app1             OTA app          00 11 001d0000 001c0000
I (77) boot:  4 nvs              WiFi data        01 02 00390000 00070000
I (84) boot: End of partition table
I (87) esp_image: segment 0: paddr=00010020 vaddr=3f400020 size=23264h (143972) map
I (144) esp_image: segment 1: paddr=0003328c vaddr=3ffb0000 size=03e98h ( 16024) load
I (150) esp_image: segment 2: paddr=0003712c vaddr=40080000 size=08eech ( 36588) load
I (165) esp_image: segment 3: paddr=00040020 vaddr=400d0020 size=9db50h (645968) map
I (386) esp_image: segment 4: paddr=000ddb78 vaddr=40088eec size=0a028h ( 41000) load
I (402) esp_image: segment 5: paddr=000e7ba8 vaddr=50000000 size=00020h (    32) load
I (412) boot: Loaded app from partition at offset 0x10000
I (412) boot: Disabling RNG early entropy source...
[I][logger:122]: Log initialized
[I][app:060]: Running through setup()
[W][component:290]: api set Warning flag: waiting for client connection
[I][app:117]: setup() finished successfully!
[W][component:290]: wifi set Warning flag: scanning for networks
[I][app:151]: ESPHome version 2026.8.2 compiled on 2026-09-14 17:02:35 -0400
[I][app:158]: ESP32 Chip: ESP32 rev1.0, 2 core(s)
[W][app:198]: Bootloader supports SRAM1 as IRAM (+40KB). Set sram1_as_iram: true under esp32 > framework > advanced
[I][wifi:1469]: - '<YOUR-SSID>' (<BSSID>) ▂▄▆█
[I][wifi:1128]: Connecting to '<YOUR-SSID>' (<BSSID>) (priority 0, attempt 1/2 in phase SCAN_CONNECTING)...
[I][wifi:1609]: Connected
[W][component:313]: wifi cleared Warning flag
